"blank"			"=========================="
"blank"			"#Valve_Movement_Title"
"blank"			"=========================="
"+forward"				"#Valve_Move_Forward"
"+back"					"#Valve_Move_Back"
"+moveleft"				"#Valve_Move_Left"
"+moveright"			"#Valve_Move_Right"
"+speed"             	"#Valve_Sprint"
"+jump"					"#P3_Jump"
"toggle_cover"					"#P3_Lean"
"blank"			"=========================="
"blank"			"#Valve_Combat_Title"
"blank"			"=========================="
"+attack"				"#Valve_Primary_Attack"
"+attack2"				"#Valve_Secondary_Attack"
"+reload"				"#Valve_Reload_Weapon"
"+use"					"#Valve_Use_Items"
"itemnext"				"#P3_Upgrade_Weapon"
"+duck"					"#P3_Kick"
"blank"			"=========================="
"blank"			"#P3_Weapon_List"
"blank"			"=========================="
//"select_visible_weapon 1"	"#P3_Weapon_Slot1"
//"select_visible_weapon 2"		"#P3_Weapon_Slot2"
//"select_visible_weapon 3"		"#P3_Weapon_Slot3"
//"select_visible_weapon 4"	"#P3_Weapon_Slot4"
//"select_visible_weapon 5"		"#P3_Weapon_Slot5"
//"select_visible_weapon 6"	"#P3_Weapon_Slot6"
//"select_visible_weapon 7"			"#P3_Weapon_Slot7"
//"select_visible_weapon 8"			"#P3_Weapon_Slot8"
//"select_visible_weapon 9"		"#P3_Weapon_Slot9"
"invnext"				"#Valve_Next_Weapon"
"invprev"				"#Valve_Previous_Weapon"
"blank"			"=========================="
"blank"			"#Valve_Miscellaneous_Title"
"blank"			"=========================="
"toggle_p3_mission_log"		"#P3_Log"
"jpeg"					"#Valve_Take_Screen_Shot"
"p3_ultrapatch_quicksave"			"#Valve_Quick_Save"
"load quick"			"#Valve_Quick_Load"
"pause"					"#Valve_Pause_Game"
"quit"					"#Valve_Quit_Game"
"blank"			"=========================="
"blank"			"#Valve_Miscellaneous_Keyboard_Keys_Title"
"blank"			"=========================="
"+walk"             	"#Valve_Walk"
"+left"					"#Valve_Turn_Left"
"+right"				"#Valve_Turn_Right"
"+lookup"				"#Valve_Look_Up"
"+lookdown"				"#Valve_Look_Down"
"+strafe"				"#Valve_Strafe_Modifier"